api_migrations=50
api_migration_latest=050_price_ladder
api_tables=35
api_domains_total=25
api_domains_routed=19
api_leaf_packages=16
api_route_registrations=158
api_swagger_paths=128
api_go_tests=998
api_env_vars=25
web_help_customer_topics=15
web_help_customer_sections=5
web_help_artist_topics=26
web_help_artist_sections=7
web_help_admin_topics=4
web_help_admin_sections=4
web_help_topics_total=45
web_ng_routes=44
web_spec_files=8
web_tests=44
