api_migrations=44
api_migration_latest=044_deposit_payer_phone
api_tables=32
api_domains_total=24
api_domains_routed=18
api_leaf_packages=14
api_route_registrations=143
api_swagger_paths=115
api_go_tests=834
api_env_vars=24
web_help_customer_topics=15
web_help_customer_sections=5
web_help_artist_topics=26
web_help_artist_sections=7
web_help_admin_topics=4
web_help_admin_sections=4
web_help_topics_total=45
web_ng_routes=41
web_spec_files=6
web_tests=33
