api_migrations=52
api_migration_latest=052_artist_services
api_tables=36
api_domains_total=26
api_domains_routed=20
api_leaf_packages=20
api_route_registrations=157
api_swagger_paths=135
api_go_tests=1188
api_env_vars=28
web_help_customer_topics=15
web_help_customer_sections=5
web_help_artist_topics=28
web_help_artist_sections=7
web_help_admin_topics=4
web_help_admin_sections=4
web_help_topics_total=47
web_ng_routes=46
web_spec_files=11
web_tests=55
